321.38
0.00
0.00
0.00
0.00
0.00
0.00
790.10
2776.90
3224.61
3208.77
3276.33
3251.06
3529.02
3655.61
1953.07
1830.31
1850.00
1901.00
1977.00
4662.02
4029.04
0.00
0.00
0.00
0.00
0.00
0.00
0.00
0.00
0.00
0.00
