Linux 5.15.0-97-generic (inspur-NF5280M6) 	2024年03月05日 	_x86_64_	(128 CPU)

Device             tps    MB_read/s    MB_wrtn/s    MB_dscd/s    MB_read    MB_wrtn    MB_dscd
nvme2n1       97181.26       321.47       512.94         1.11  110438480  176218802     381554


Device             tps    MB_read/s    MB_wrtn/s    MB_dscd/s    MB_read    MB_wrtn    MB_dscd
nvme2n1           0.00         0.00         0.00         0.00          0          0          0


Device             tps    MB_read/s    MB_wrtn/s    MB_dscd/s    MB_read    MB_wrtn    MB_dscd
nvme2n1           0.00         0.00         0.00         0.00          0          0          0


Device             tps    MB_read/s    MB_wrtn/s    MB_dscd/s    MB_read    MB_wrtn    MB_dscd
nvme2n1           0.00         0.00         0.00         0.00          0          0          0


Device             tps    MB_read/s    MB_wrtn/s    MB_dscd/s    MB_read    MB_wrtn    MB_dscd
nvme2n1           0.00         0.00         0.00         0.00          0          0          0


Device             tps    MB_read/s    MB_wrtn/s    MB_dscd/s    MB_read    MB_wrtn    MB_dscd
nvme2n1           0.00         0.00         0.00         0.00          0          0          0


Device             tps    MB_read/s    MB_wrtn/s    MB_dscd/s    MB_read    MB_wrtn    MB_dscd
nvme2n1           0.00         0.00         0.00         0.00          0          0          0


Device             tps    MB_read/s    MB_wrtn/s    MB_dscd/s    MB_read    MB_wrtn    MB_dscd
nvme2n1       29868.00       291.71         0.00         0.00        291          0          0


Device             tps    MB_read/s    MB_wrtn/s    MB_dscd/s    MB_read    MB_wrtn    MB_dscd
nvme2n1       234894.00      2893.53         0.00         0.00       2893          0          0


Device             tps    MB_read/s    MB_wrtn/s    MB_dscd/s    MB_read    MB_wrtn    MB_dscd
nvme2n1       287559.00      3546.82         0.00         0.00       3546          0          0


Device             tps    MB_read/s    MB_wrtn/s    MB_dscd/s    MB_read    MB_wrtn    MB_dscd
nvme2n1       315091.00      3572.05         0.00         0.00       3572          0          0


Device             tps    MB_read/s    MB_wrtn/s    MB_dscd/s    MB_read    MB_wrtn    MB_dscd
nvme2n1       71711.00      3226.75         0.00         0.00       3226          0          0


Device             tps    MB_read/s    MB_wrtn/s    MB_dscd/s    MB_read    MB_wrtn    MB_dscd
nvme2n1       55939.00      3951.02         0.00         0.00       3951          0          0


Device             tps    MB_read/s    MB_wrtn/s    MB_dscd/s    MB_read    MB_wrtn    MB_dscd
nvme2n1       54239.00      4422.94         0.00         0.00       4422          0          0


Device             tps    MB_read/s    MB_wrtn/s    MB_dscd/s    MB_read    MB_wrtn    MB_dscd
nvme2n1       115171.00      3477.97         0.00         0.00       3477          0          0


Device             tps    MB_read/s    MB_wrtn/s    MB_dscd/s    MB_read    MB_wrtn    MB_dscd
nvme2n1       67648.00      2373.99         0.00         0.00       2373          0          0


Device             tps    MB_read/s    MB_wrtn/s    MB_dscd/s    MB_read    MB_wrtn    MB_dscd
nvme2n1       19464.00      2433.00         0.00         0.00       2433          0          0


Device             tps    MB_read/s    MB_wrtn/s    MB_dscd/s    MB_read    MB_wrtn    MB_dscd
nvme2n1       20720.00      2590.00         0.00         0.00       2590          0          0


Device             tps    MB_read/s    MB_wrtn/s    MB_dscd/s    MB_read    MB_wrtn    MB_dscd
nvme2n1       41660.00      4530.60         0.00         0.00       4530          0          0


Device             tps    MB_read/s    MB_wrtn/s    MB_dscd/s    MB_read    MB_wrtn    MB_dscd
nvme2n1       44629.00      4644.75         0.00         0.00       4644          0          0


Device             tps    MB_read/s    MB_wrtn/s    MB_dscd/s    MB_read    MB_wrtn    MB_dscd
nvme2n1           0.00         0.00         0.00         0.00          0          0          0


Device             tps    MB_read/s    MB_wrtn/s    MB_dscd/s    MB_read    MB_wrtn    MB_dscd
nvme2n1           0.00         0.00         0.00         0.00          0          0          0


Device             tps    MB_read/s    MB_wrtn/s    MB_dscd/s    MB_read    MB_wrtn    MB_dscd
nvme2n1           0.00         0.00         0.00         0.00          0          0          0


Device             tps    MB_read/s    MB_wrtn/s    MB_dscd/s    MB_read    MB_wrtn    MB_dscd
nvme2n1           0.00         0.00         0.00         0.00          0          0          0


Device             tps    MB_read/s    MB_wrtn/s    MB_dscd/s    MB_read    MB_wrtn    MB_dscd
nvme2n1           0.00         0.00         0.00         0.00          0          0          0


Device             tps    MB_read/s    MB_wrtn/s    MB_dscd/s    MB_read    MB_wrtn    MB_dscd
nvme2n1           0.00         0.00         0.00         0.00          0          0          0


Device             tps    MB_read/s    MB_wrtn/s    MB_dscd/s    MB_read    MB_wrtn    MB_dscd
nvme2n1           0.00         0.00         0.00         0.00          0          0          0


Device             tps    MB_read/s    MB_wrtn/s    MB_dscd/s    MB_read    MB_wrtn    MB_dscd
nvme2n1           0.00         0.00         0.00         0.00          0          0          0


Device             tps    MB_read/s    MB_wrtn/s    MB_dscd/s    MB_read    MB_wrtn    MB_dscd
nvme2n1           0.00         0.00         0.00         0.00          0          0          0


Device             tps    MB_read/s    MB_wrtn/s    MB_dscd/s    MB_read    MB_wrtn    MB_dscd
nvme2n1           0.00         0.00         0.00         0.00          0          0          0


Device             tps    MB_read/s    MB_wrtn/s    MB_dscd/s    MB_read    MB_wrtn    MB_dscd
nvme2n1           0.00         0.00         0.00         0.00          0          0          0


Device             tps    MB_read/s    MB_wrtn/s    MB_dscd/s    MB_read    MB_wrtn    MB_dscd
nvme2n1           0.00         0.00         0.00         0.00          0          0          0


Device             tps    MB_read/s    MB_wrtn/s    MB_dscd/s    MB_read    MB_wrtn    MB_dscd
nvme2n1           0.00         0.00         0.00         0.00          0          0          0


Device             tps    MB_read/s    MB_wrtn/s    MB_dscd/s    MB_read    MB_wrtn    MB_dscd
nvme2n1           0.00         0.00         0.00         0.00          0          0          0


Device             tps    MB_read/s    MB_wrtn/s    MB_dscd/s    MB_read    MB_wrtn    MB_dscd
nvme2n1           0.00         0.00         0.00         0.00          0          0          0


Device             tps    MB_read/s    MB_wrtn/s    MB_dscd/s    MB_read    MB_wrtn    MB_dscd
nvme2n1           0.00         0.00         0.00         0.00          0          0          0


Device             tps    MB_read/s    MB_wrtn/s    MB_dscd/s    MB_read    MB_wrtn    MB_dscd
nvme2n1           0.00         0.00         0.00         0.00          0          0          0


Device             tps    MB_read/s    MB_wrtn/s    MB_dscd/s    MB_read    MB_wrtn    MB_dscd
nvme2n1           0.00         0.00         0.00         0.00          0          0          0


Device             tps    MB_read/s    MB_wrtn/s    MB_dscd/s    MB_read    MB_wrtn    MB_dscd
nvme2n1           0.00         0.00         0.00         0.00          0          0          0


Device             tps    MB_read/s    MB_wrtn/s    MB_dscd/s    MB_read    MB_wrtn    MB_dscd
nvme2n1           0.00         0.00         0.00         0.00          0          0          0


Device             tps    MB_read/s    MB_wrtn/s    MB_dscd/s    MB_read    MB_wrtn    MB_dscd
nvme2n1           0.00         0.00         0.00         0.00          0          0          0


Device             tps    MB_read/s    MB_wrtn/s    MB_dscd/s    MB_read    MB_wrtn    MB_dscd
nvme2n1           0.00         0.00         0.00         0.00          0          0          0


Device             tps    MB_read/s    MB_wrtn/s    MB_dscd/s    MB_read    MB_wrtn    MB_dscd
nvme2n1           0.00         0.00         0.00         0.00          0          0          0


Device             tps    MB_read/s    MB_wrtn/s    MB_dscd/s    MB_read    MB_wrtn    MB_dscd
nvme2n1           0.00         0.00         0.00         0.00          0          0          0


Device             tps    MB_read/s    MB_wrtn/s    MB_dscd/s    MB_read    MB_wrtn    MB_dscd
nvme2n1           0.00         0.00         0.00         0.00          0          0          0


Device             tps    MB_read/s    MB_wrtn/s    MB_dscd/s    MB_read    MB_wrtn    MB_dscd
nvme2n1           0.00         0.00         0.00         0.00          0          0          0


Device             tps    MB_read/s    MB_wrtn/s    MB_dscd/s    MB_read    MB_wrtn    MB_dscd
nvme2n1           0.00         0.00         0.00         0.00          0          0          0


Device             tps    MB_read/s    MB_wrtn/s    MB_dscd/s    MB_read    MB_wrtn    MB_dscd
nvme2n1           0.00         0.00         0.00         0.00          0          0          0


Device             tps    MB_read/s    MB_wrtn/s    MB_dscd/s    MB_read    MB_wrtn    MB_dscd
nvme2n1           0.00         0.00         0.00         0.00          0          0          0


Device             tps    MB_read/s    MB_wrtn/s    MB_dscd/s    MB_read    MB_wrtn    MB_dscd
nvme2n1           0.00         0.00         0.00         0.00          0          0          0


Device             tps    MB_read/s    MB_wrtn/s    MB_dscd/s    MB_read    MB_wrtn    MB_dscd
nvme2n1           0.00         0.00         0.00         0.00          0          0          0


Device             tps    MB_read/s    MB_wrtn/s    MB_dscd/s    MB_read    MB_wrtn    MB_dscd
nvme2n1       177888.00      2275.68         0.00         0.00       2275          0          0


Device             tps    MB_read/s    MB_wrtn/s    MB_dscd/s    MB_read    MB_wrtn    MB_dscd
nvme2n1       293216.00      3635.73         0.00         0.00       3635          0          0


Device             tps    MB_read/s    MB_wrtn/s    MB_dscd/s    MB_read    MB_wrtn    MB_dscd
nvme2n1       310039.00      3632.06         0.00         0.00       3632          0          0


Device             tps    MB_read/s    MB_wrtn/s    MB_dscd/s    MB_read    MB_wrtn    MB_dscd
nvme2n1       156302.00      3902.61         0.00         0.00       3902          0          0


Device             tps    MB_read/s    MB_wrtn/s    MB_dscd/s    MB_read    MB_wrtn    MB_dscd
nvme2n1       64440.00      4597.99         0.00         0.00       4597          0          0


Device             tps    MB_read/s    MB_wrtn/s    MB_dscd/s    MB_read    MB_wrtn    MB_dscd
nvme2n1       58919.00      5100.95         0.00         0.00       5100          0          0


Device             tps    MB_read/s    MB_wrtn/s    MB_dscd/s    MB_read    MB_wrtn    MB_dscd
nvme2n1       142678.00      3252.77         0.00         0.00       3252          0          0


Device             tps    MB_read/s    MB_wrtn/s    MB_dscd/s    MB_read    MB_wrtn    MB_dscd
nvme2n1       40575.00      2844.98         0.00         0.00       2844          0          0


Device             tps    MB_read/s    MB_wrtn/s    MB_dscd/s    MB_read    MB_wrtn    MB_dscd
nvme2n1       25048.00      3131.00         0.00         0.00       3131          0          0


Device             tps    MB_read/s    MB_wrtn/s    MB_dscd/s    MB_read    MB_wrtn    MB_dscd
nvme2n1       39867.00      4421.13         0.00         0.00       4421          0          0


Device             tps    MB_read/s    MB_wrtn/s    MB_dscd/s    MB_read    MB_wrtn    MB_dscd
nvme2n1       49667.00      5160.22         0.00         0.00       5160          0          0


Device             tps    MB_read/s    MB_wrtn/s    MB_dscd/s    MB_read    MB_wrtn    MB_dscd
nvme2n1           0.00         0.00         0.00         0.00          0          0          0


Device             tps    MB_read/s    MB_wrtn/s    MB_dscd/s    MB_read    MB_wrtn    MB_dscd
nvme2n1           0.00         0.00         0.00         0.00          0          0          0


Device             tps    MB_read/s    MB_wrtn/s    MB_dscd/s    MB_read    MB_wrtn    MB_dscd
nvme2n1           0.00         0.00         0.00         0.00          0          0          0


Device             tps    MB_read/s    MB_wrtn/s    MB_dscd/s    MB_read    MB_wrtn    MB_dscd
nvme2n1           0.00         0.00         0.00         0.00          0          0          0


Device             tps    MB_read/s    MB_wrtn/s    MB_dscd/s    MB_read    MB_wrtn    MB_dscd
nvme2n1           0.00         0.00         0.00         0.00          0          0          0


Device             tps    MB_read/s    MB_wrtn/s    MB_dscd/s    MB_read    MB_wrtn    MB_dscd
nvme2n1           0.00         0.00         0.00         0.00          0          0          0


Device             tps    MB_read/s    MB_wrtn/s    MB_dscd/s    MB_read    MB_wrtn    MB_dscd
nvme2n1           0.00         0.00         0.00         0.00          0          0          0


Device             tps    MB_read/s    MB_wrtn/s    MB_dscd/s    MB_read    MB_wrtn    MB_dscd
nvme2n1           0.00         0.00         0.00         0.00          0          0          0


Device             tps    MB_read/s    MB_wrtn/s    MB_dscd/s    MB_read    MB_wrtn    MB_dscd
nvme2n1           0.00         0.00         0.00         0.00          0          0          0


Device             tps    MB_read/s    MB_wrtn/s    MB_dscd/s    MB_read    MB_wrtn    MB_dscd
nvme2n1           0.00         0.00         0.00         0.00          0          0          0


Device             tps    MB_read/s    MB_wrtn/s    MB_dscd/s    MB_read    MB_wrtn    MB_dscd
nvme2n1           0.00         0.00         0.00         0.00          0          0          0


Device             tps    MB_read/s    MB_wrtn/s    MB_dscd/s    MB_read    MB_wrtn    MB_dscd
nvme2n1           0.00         0.00         0.00         0.00          0          0          0


Device             tps    MB_read/s    MB_wrtn/s    MB_dscd/s    MB_read    MB_wrtn    MB_dscd
nvme2n1           0.00         0.00         0.00         0.00          0          0          0


Device             tps    MB_read/s    MB_wrtn/s    MB_dscd/s    MB_read    MB_wrtn    MB_dscd
nvme2n1           0.00         0.00         0.00         0.00          0          0          0


Device             tps    MB_read/s    MB_wrtn/s    MB_dscd/s    MB_read    MB_wrtn    MB_dscd
nvme2n1           0.00         0.00         0.00         0.00          0          0          0


Device             tps    MB_read/s    MB_wrtn/s    MB_dscd/s    MB_read    MB_wrtn    MB_dscd
nvme2n1           0.00         0.00         0.00         0.00          0          0          0


Device             tps    MB_read/s    MB_wrtn/s    MB_dscd/s    MB_read    MB_wrtn    MB_dscd
nvme2n1           0.00         0.00         0.00         0.00          0          0          0


Device             tps    MB_read/s    MB_wrtn/s    MB_dscd/s    MB_read    MB_wrtn    MB_dscd
nvme2n1           0.00         0.00         0.00         0.00          0          0          0


Device             tps    MB_read/s    MB_wrtn/s    MB_dscd/s    MB_read    MB_wrtn    MB_dscd
nvme2n1           0.00         0.00         0.00         0.00          0          0          0


Device             tps    MB_read/s    MB_wrtn/s    MB_dscd/s    MB_read    MB_wrtn    MB_dscd
nvme2n1           0.00         0.00         0.00         0.00          0          0          0


Device             tps    MB_read/s    MB_wrtn/s    MB_dscd/s    MB_read    MB_wrtn    MB_dscd
nvme2n1           0.00         0.00         0.00         0.00          0          0          0


Device             tps    MB_read/s    MB_wrtn/s    MB_dscd/s    MB_read    MB_wrtn    MB_dscd
nvme2n1           0.00         0.00         0.00         0.00          0          0          0


Device             tps    MB_read/s    MB_wrtn/s    MB_dscd/s    MB_read    MB_wrtn    MB_dscd
nvme2n1           0.00         0.00         0.00         0.00          0          0          0


Device             tps    MB_read/s    MB_wrtn/s    MB_dscd/s    MB_read    MB_wrtn    MB_dscd
nvme2n1           0.00         0.00         0.00         0.00          0          0          0


Device             tps    MB_read/s    MB_wrtn/s    MB_dscd/s    MB_read    MB_wrtn    MB_dscd
nvme2n1           0.00         0.00         0.00         0.00          0          0          0


Device             tps    MB_read/s    MB_wrtn/s    MB_dscd/s    MB_read    MB_wrtn    MB_dscd
nvme2n1           0.00         0.00         0.00         0.00          0          0          0


Device             tps    MB_read/s    MB_wrtn/s    MB_dscd/s    MB_read    MB_wrtn    MB_dscd
nvme2n1           0.00         0.00         0.00         0.00          0          0          0


Device             tps    MB_read/s    MB_wrtn/s    MB_dscd/s    MB_read    MB_wrtn    MB_dscd
nvme2n1           0.00         0.00         0.00         0.00          0          0          0


Device             tps    MB_read/s    MB_wrtn/s    MB_dscd/s    MB_read    MB_wrtn    MB_dscd
nvme2n1           0.00         0.00         0.00         0.00          0          0          0


Device             tps    MB_read/s    MB_wrtn/s    MB_dscd/s    MB_read    MB_wrtn    MB_dscd
nvme2n1           0.00         0.00         0.00         0.00          0          0          0


Device             tps    MB_read/s    MB_wrtn/s    MB_dscd/s    MB_read    MB_wrtn    MB_dscd
nvme2n1           0.00         0.00         0.00         0.00          0          0          0


Device             tps    MB_read/s    MB_wrtn/s    MB_dscd/s    MB_read    MB_wrtn    MB_dscd
nvme2n1           0.00         0.00         0.00         0.00          0          0          0


Device             tps    MB_read/s    MB_wrtn/s    MB_dscd/s    MB_read    MB_wrtn    MB_dscd
nvme2n1           0.00         0.00         0.00         0.00          0          0          0


Device             tps    MB_read/s    MB_wrtn/s    MB_dscd/s    MB_read    MB_wrtn    MB_dscd
nvme2n1           0.00         0.00         0.00         0.00          0          0          0


Device             tps    MB_read/s    MB_wrtn/s    MB_dscd/s    MB_read    MB_wrtn    MB_dscd
nvme2n1           0.00         0.00         0.00         0.00          0          0          0


Device             tps    MB_read/s    MB_wrtn/s    MB_dscd/s    MB_read    MB_wrtn    MB_dscd
nvme2n1           0.00         0.00         0.00         0.00          0          0          0


Device             tps    MB_read/s    MB_wrtn/s    MB_dscd/s    MB_read    MB_wrtn    MB_dscd
nvme2n1           0.00         0.00         0.00         0.00          0          0          0


Device             tps    MB_read/s    MB_wrtn/s    MB_dscd/s    MB_read    MB_wrtn    MB_dscd
nvme2n1           0.00         0.00         0.00         0.00          0          0          0


