321.47
0.00
0.00
0.00
0.00
0.00
0.00
291.71
2893.53
3546.82
3572.05
3226.75
3951.02
4422.94
3477.97
2373.99
2433.00
2590.00
4530.60
4644.75
0.00
0.00
0.00
0.00
0.00
0.00
0.00
0.00
0.00
0.00
0.00
0.00
0.00
0.00
