Linux 5.15.0-97-generic (inspur-NF5280M6) 	2024年03月05日 	_x86_64_	(128 CPU)

Device             tps    MB_read/s    MB_wrtn/s    MB_dscd/s    MB_read    MB_wrtn    MB_dscd
nvme2n1       97134.71       321.53       512.65         1.11  110522390  176218802     381554


Device             tps    MB_read/s    MB_wrtn/s    MB_dscd/s    MB_read    MB_wrtn    MB_dscd
nvme2n1           0.00         0.00         0.00         0.00          0          0          0


Device             tps    MB_read/s    MB_wrtn/s    MB_dscd/s    MB_read    MB_wrtn    MB_dscd
nvme2n1           0.00         0.00         0.00         0.00          0          0          0


Device             tps    MB_read/s    MB_wrtn/s    MB_dscd/s    MB_read    MB_wrtn    MB_dscd
nvme2n1           0.00         0.00         0.00         0.00          0          0          0


Device             tps    MB_read/s    MB_wrtn/s    MB_dscd/s    MB_read    MB_wrtn    MB_dscd
nvme2n1           0.00         0.00         0.00         0.00          0          0          0


Device             tps    MB_read/s    MB_wrtn/s    MB_dscd/s    MB_read    MB_wrtn    MB_dscd
nvme2n1           0.00         0.00         0.00         0.00          0          0          0


Device             tps    MB_read/s    MB_wrtn/s    MB_dscd/s    MB_read    MB_wrtn    MB_dscd
nvme2n1           0.00         0.00         0.00         0.00          0          0          0


Device             tps    MB_read/s    MB_wrtn/s    MB_dscd/s    MB_read    MB_wrtn    MB_dscd
nvme2n1       60755.00       870.98         0.00         0.00        870          0          0


Device             tps    MB_read/s    MB_wrtn/s    MB_dscd/s    MB_read    MB_wrtn    MB_dscd
nvme2n1       280187.00      3751.16         0.00         0.00       3751          0          0


Device             tps    MB_read/s    MB_wrtn/s    MB_dscd/s    MB_read    MB_wrtn    MB_dscd
nvme2n1       308490.00      3671.25         0.00         0.00       3671          0          0


Device             tps    MB_read/s    MB_wrtn/s    MB_dscd/s    MB_read    MB_wrtn    MB_dscd
nvme2n1       275358.00      3774.83         0.00         0.00       3774          0          0


Device             tps    MB_read/s    MB_wrtn/s    MB_dscd/s    MB_read    MB_wrtn    MB_dscd
nvme2n1       72088.00      5149.87         0.00         0.00       5149          0          0


Device             tps    MB_read/s    MB_wrtn/s    MB_dscd/s    MB_read    MB_wrtn    MB_dscd
nvme2n1       60843.00      5525.91         0.00         0.00       5525          0          0


Device             tps    MB_read/s    MB_wrtn/s    MB_dscd/s    MB_read    MB_wrtn    MB_dscd
nvme2n1       163651.00      3661.78         0.00         0.00       3661          0          0


Device             tps    MB_read/s    MB_wrtn/s    MB_dscd/s    MB_read    MB_wrtn    MB_dscd
nvme2n1       27825.00      3478.12         0.00         0.00       3478          0          0


Device             tps    MB_read/s    MB_wrtn/s    MB_dscd/s    MB_read    MB_wrtn    MB_dscd
nvme2n1       30215.00      3776.87         0.00         0.00       3776          0          0


Device             tps    MB_read/s    MB_wrtn/s    MB_dscd/s    MB_read    MB_wrtn    MB_dscd
nvme2n1       58482.00      6285.59         0.00         0.00       6285          0          0


Device             tps    MB_read/s    MB_wrtn/s    MB_dscd/s    MB_read    MB_wrtn    MB_dscd
nvme2n1       18854.00      2008.76         0.00         0.00       2008          0          0


Device             tps    MB_read/s    MB_wrtn/s    MB_dscd/s    MB_read    MB_wrtn    MB_dscd
nvme2n1           0.00         0.00         0.00         0.00          0          0          0


Device             tps    MB_read/s    MB_wrtn/s    MB_dscd/s    MB_read    MB_wrtn    MB_dscd
nvme2n1           0.00         0.00         0.00         0.00          0          0          0


Device             tps    MB_read/s    MB_wrtn/s    MB_dscd/s    MB_read    MB_wrtn    MB_dscd
nvme2n1           0.00         0.00         0.00         0.00          0          0          0


Device             tps    MB_read/s    MB_wrtn/s    MB_dscd/s    MB_read    MB_wrtn    MB_dscd
nvme2n1           0.00         0.00         0.00         0.00          0          0          0


Device             tps    MB_read/s    MB_wrtn/s    MB_dscd/s    MB_read    MB_wrtn    MB_dscd
nvme2n1           0.00         0.00         0.00         0.00          0          0          0


Device             tps    MB_read/s    MB_wrtn/s    MB_dscd/s    MB_read    MB_wrtn    MB_dscd
nvme2n1           0.00         0.00         0.00         0.00          0          0          0


Device             tps    MB_read/s    MB_wrtn/s    MB_dscd/s    MB_read    MB_wrtn    MB_dscd
nvme2n1           0.00         0.00         0.00         0.00          0          0          0


Device             tps    MB_read/s    MB_wrtn/s    MB_dscd/s    MB_read    MB_wrtn    MB_dscd
nvme2n1           0.00         0.00         0.00         0.00          0          0          0


Device             tps    MB_read/s    MB_wrtn/s    MB_dscd/s    MB_read    MB_wrtn    MB_dscd
nvme2n1           0.00         0.00         0.00         0.00          0          0          0


Device             tps    MB_read/s    MB_wrtn/s    MB_dscd/s    MB_read    MB_wrtn    MB_dscd
nvme2n1           0.00         0.00         0.00         0.00          0          0          0


Device             tps    MB_read/s    MB_wrtn/s    MB_dscd/s    MB_read    MB_wrtn    MB_dscd
nvme2n1           0.00         0.00         0.00         0.00          0          0          0


Device             tps    MB_read/s    MB_wrtn/s    MB_dscd/s    MB_read    MB_wrtn    MB_dscd
nvme2n1           0.00         0.00         0.00         0.00          0          0          0


Device             tps    MB_read/s    MB_wrtn/s    MB_dscd/s    MB_read    MB_wrtn    MB_dscd
nvme2n1           0.00         0.00         0.00         0.00          0          0          0


Device             tps    MB_read/s    MB_wrtn/s    MB_dscd/s    MB_read    MB_wrtn    MB_dscd
nvme2n1           0.00         0.00         0.00         0.00          0          0          0


Device             tps    MB_read/s    MB_wrtn/s    MB_dscd/s    MB_read    MB_wrtn    MB_dscd
nvme2n1           0.00         0.00         0.00         0.00          0          0          0


Device             tps    MB_read/s    MB_wrtn/s    MB_dscd/s    MB_read    MB_wrtn    MB_dscd
nvme2n1           0.00         0.00         0.00         0.00          0          0          0


Device             tps    MB_read/s    MB_wrtn/s    MB_dscd/s    MB_read    MB_wrtn    MB_dscd
nvme2n1           0.00         0.00         0.00         0.00          0          0          0


Device             tps    MB_read/s    MB_wrtn/s    MB_dscd/s    MB_read    MB_wrtn    MB_dscd
nvme2n1           0.00         0.00         0.00         0.00          0          0          0


Device             tps    MB_read/s    MB_wrtn/s    MB_dscd/s    MB_read    MB_wrtn    MB_dscd
nvme2n1           0.00         0.00         0.00         0.00          0          0          0


Device             tps    MB_read/s    MB_wrtn/s    MB_dscd/s    MB_read    MB_wrtn    MB_dscd
nvme2n1           0.00         0.00         0.00         0.00          0          0          0


Device             tps    MB_read/s    MB_wrtn/s    MB_dscd/s    MB_read    MB_wrtn    MB_dscd
nvme2n1           0.00         0.00         0.00         0.00          0          0          0


Device             tps    MB_read/s    MB_wrtn/s    MB_dscd/s    MB_read    MB_wrtn    MB_dscd
nvme2n1           0.00         0.00         0.00         0.00          0          0          0


Device             tps    MB_read/s    MB_wrtn/s    MB_dscd/s    MB_read    MB_wrtn    MB_dscd
nvme2n1           0.00         0.00         0.00         0.00          0          0          0


Device             tps    MB_read/s    MB_wrtn/s    MB_dscd/s    MB_read    MB_wrtn    MB_dscd
nvme2n1           0.00         0.00         0.00         0.00          0          0          0


Device             tps    MB_read/s    MB_wrtn/s    MB_dscd/s    MB_read    MB_wrtn    MB_dscd
nvme2n1           0.00         0.00         0.00         0.00          0          0          0


Device             tps    MB_read/s    MB_wrtn/s    MB_dscd/s    MB_read    MB_wrtn    MB_dscd
nvme2n1           0.00         0.00         0.00         0.00          0          0          0


Device             tps    MB_read/s    MB_wrtn/s    MB_dscd/s    MB_read    MB_wrtn    MB_dscd
nvme2n1           0.00         0.00         0.00         0.00          0          0          0


Device             tps    MB_read/s    MB_wrtn/s    MB_dscd/s    MB_read    MB_wrtn    MB_dscd
nvme2n1           0.00         0.00         0.00         0.00          0          0          0


Device             tps    MB_read/s    MB_wrtn/s    MB_dscd/s    MB_read    MB_wrtn    MB_dscd
nvme2n1           0.00         0.00         0.00         0.00          0          0          0


Device             tps    MB_read/s    MB_wrtn/s    MB_dscd/s    MB_read    MB_wrtn    MB_dscd
nvme2n1           0.00         0.00         0.00         0.00          0          0          0


Device             tps    MB_read/s    MB_wrtn/s    MB_dscd/s    MB_read    MB_wrtn    MB_dscd
nvme2n1           0.00         0.00         0.00         0.00          0          0          0


Device             tps    MB_read/s    MB_wrtn/s    MB_dscd/s    MB_read    MB_wrtn    MB_dscd
nvme2n1           0.00         0.00         0.00         0.00          0          0          0


Device             tps    MB_read/s    MB_wrtn/s    MB_dscd/s    MB_read    MB_wrtn    MB_dscd
nvme2n1           0.00         0.00         0.00         0.00          0          0          0


Device             tps    MB_read/s    MB_wrtn/s    MB_dscd/s    MB_read    MB_wrtn    MB_dscd
nvme2n1           0.00         0.00         0.00         0.00          0          0          0


Device             tps    MB_read/s    MB_wrtn/s    MB_dscd/s    MB_read    MB_wrtn    MB_dscd
nvme2n1           0.00         0.00         0.00         0.00          0          0          0


Device             tps    MB_read/s    MB_wrtn/s    MB_dscd/s    MB_read    MB_wrtn    MB_dscd
nvme2n1           0.00         0.00         0.00         0.00          0          0          0


Device             tps    MB_read/s    MB_wrtn/s    MB_dscd/s    MB_read    MB_wrtn    MB_dscd
nvme2n1           0.00         0.00         0.00         0.00          0          0          0


Device             tps    MB_read/s    MB_wrtn/s    MB_dscd/s    MB_read    MB_wrtn    MB_dscd
nvme2n1           0.00         0.00         0.00         0.00          0          0          0


Device             tps    MB_read/s    MB_wrtn/s    MB_dscd/s    MB_read    MB_wrtn    MB_dscd
nvme2n1           0.00         0.00         0.00         0.00          0          0          0


Device             tps    MB_read/s    MB_wrtn/s    MB_dscd/s    MB_read    MB_wrtn    MB_dscd
nvme2n1           0.00         0.00         0.00         0.00          0          0          0


Device             tps    MB_read/s    MB_wrtn/s    MB_dscd/s    MB_read    MB_wrtn    MB_dscd
nvme2n1           0.00         0.00         0.00         0.00          0          0          0


Device             tps    MB_read/s    MB_wrtn/s    MB_dscd/s    MB_read    MB_wrtn    MB_dscd
nvme2n1           0.00         0.00         0.00         0.00          0          0          0


Device             tps    MB_read/s    MB_wrtn/s    MB_dscd/s    MB_read    MB_wrtn    MB_dscd
nvme2n1           0.00         0.00         0.00         0.00          0          0          0


Device             tps    MB_read/s    MB_wrtn/s    MB_dscd/s    MB_read    MB_wrtn    MB_dscd
nvme2n1           0.00         0.00         0.00         0.00          0          0          0


Device             tps    MB_read/s    MB_wrtn/s    MB_dscd/s    MB_read    MB_wrtn    MB_dscd
nvme2n1           0.00         0.00         0.00         0.00          0          0          0


Device             tps    MB_read/s    MB_wrtn/s    MB_dscd/s    MB_read    MB_wrtn    MB_dscd
nvme2n1           0.00         0.00         0.00         0.00          0          0          0


Device             tps    MB_read/s    MB_wrtn/s    MB_dscd/s    MB_read    MB_wrtn    MB_dscd
nvme2n1           0.00         0.00         0.00         0.00          0          0          0


Device             tps    MB_read/s    MB_wrtn/s    MB_dscd/s    MB_read    MB_wrtn    MB_dscd
nvme2n1           0.00         0.00         0.00         0.00          0          0          0


Device             tps    MB_read/s    MB_wrtn/s    MB_dscd/s    MB_read    MB_wrtn    MB_dscd
nvme2n1           0.00         0.00         0.00         0.00          0          0          0


Device             tps    MB_read/s    MB_wrtn/s    MB_dscd/s    MB_read    MB_wrtn    MB_dscd
nvme2n1           0.00         0.00         0.00         0.00          0          0          0


Device             tps    MB_read/s    MB_wrtn/s    MB_dscd/s    MB_read    MB_wrtn    MB_dscd
nvme2n1           0.00         0.00         0.00         0.00          0          0          0


Device             tps    MB_read/s    MB_wrtn/s    MB_dscd/s    MB_read    MB_wrtn    MB_dscd
nvme2n1           0.00         0.00         0.00         0.00          0          0          0


Device             tps    MB_read/s    MB_wrtn/s    MB_dscd/s    MB_read    MB_wrtn    MB_dscd
nvme2n1           0.00         0.00         0.00         0.00          0          0          0


Device             tps    MB_read/s    MB_wrtn/s    MB_dscd/s    MB_read    MB_wrtn    MB_dscd
nvme2n1           0.00         0.00         0.00         0.00          0          0          0


Device             tps    MB_read/s    MB_wrtn/s    MB_dscd/s    MB_read    MB_wrtn    MB_dscd
nvme2n1           0.00         0.00         0.00         0.00          0          0          0


Device             tps    MB_read/s    MB_wrtn/s    MB_dscd/s    MB_read    MB_wrtn    MB_dscd
nvme2n1           0.00         0.00         0.00         0.00          0          0          0


Device             tps    MB_read/s    MB_wrtn/s    MB_dscd/s    MB_read    MB_wrtn    MB_dscd
nvme2n1           0.00         0.00         0.00         0.00          0          0          0


Device             tps    MB_read/s    MB_wrtn/s    MB_dscd/s    MB_read    MB_wrtn    MB_dscd
nvme2n1           0.00         0.00         0.00         0.00          0          0          0


Device             tps    MB_read/s    MB_wrtn/s    MB_dscd/s    MB_read    MB_wrtn    MB_dscd
nvme2n1           0.00         0.00         0.00         0.00          0          0          0


Device             tps    MB_read/s    MB_wrtn/s    MB_dscd/s    MB_read    MB_wrtn    MB_dscd
nvme2n1           0.00         0.00         0.00         0.00          0          0          0


Device             tps    MB_read/s    MB_wrtn/s    MB_dscd/s    MB_read    MB_wrtn    MB_dscd
nvme2n1           0.00         0.00         0.00         0.00          0          0          0


Device             tps    MB_read/s    MB_wrtn/s    MB_dscd/s    MB_read    MB_wrtn    MB_dscd
nvme2n1           0.00         0.00         0.00         0.00          0          0          0


Device             tps    MB_read/s    MB_wrtn/s    MB_dscd/s    MB_read    MB_wrtn    MB_dscd
nvme2n1           0.00         0.00         0.00         0.00          0          0          0


Device             tps    MB_read/s    MB_wrtn/s    MB_dscd/s    MB_read    MB_wrtn    MB_dscd
nvme2n1           0.00         0.00         0.00         0.00          0          0          0


Device             tps    MB_read/s    MB_wrtn/s    MB_dscd/s    MB_read    MB_wrtn    MB_dscd
nvme2n1           0.00         0.00         0.00         0.00          0          0          0


Device             tps    MB_read/s    MB_wrtn/s    MB_dscd/s    MB_read    MB_wrtn    MB_dscd
nvme2n1           0.00         0.00         0.00         0.00          0          0          0


Device             tps    MB_read/s    MB_wrtn/s    MB_dscd/s    MB_read    MB_wrtn    MB_dscd
nvme2n1           0.00         0.00         0.00         0.00          0          0          0


Device             tps    MB_read/s    MB_wrtn/s    MB_dscd/s    MB_read    MB_wrtn    MB_dscd
nvme2n1           0.00         0.00         0.00         0.00          0          0          0


Device             tps    MB_read/s    MB_wrtn/s    MB_dscd/s    MB_read    MB_wrtn    MB_dscd
nvme2n1           0.00         0.00         0.00         0.00          0          0          0


Device             tps    MB_read/s    MB_wrtn/s    MB_dscd/s    MB_read    MB_wrtn    MB_dscd
nvme2n1           0.00         0.00         0.00         0.00          0          0          0


Device             tps    MB_read/s    MB_wrtn/s    MB_dscd/s    MB_read    MB_wrtn    MB_dscd
nvme2n1           0.00         0.00         0.00         0.00          0          0          0


Device             tps    MB_read/s    MB_wrtn/s    MB_dscd/s    MB_read    MB_wrtn    MB_dscd
nvme2n1           0.00         0.00         0.00         0.00          0          0          0


Device             tps    MB_read/s    MB_wrtn/s    MB_dscd/s    MB_read    MB_wrtn    MB_dscd
nvme2n1           0.00         0.00         0.00         0.00          0          0          0


Device             tps    MB_read/s    MB_wrtn/s    MB_dscd/s    MB_read    MB_wrtn    MB_dscd
nvme2n1           0.00         0.00         0.00         0.00          0          0          0


Device             tps    MB_read/s    MB_wrtn/s    MB_dscd/s    MB_read    MB_wrtn    MB_dscd
nvme2n1           0.00         0.00         0.00         0.00          0          0          0


Device             tps    MB_read/s    MB_wrtn/s    MB_dscd/s    MB_read    MB_wrtn    MB_dscd
nvme2n1           0.00         0.00         0.00         0.00          0          0          0


Device             tps    MB_read/s    MB_wrtn/s    MB_dscd/s    MB_read    MB_wrtn    MB_dscd
nvme2n1           0.00         0.00         0.00         0.00          0          0          0


Device             tps    MB_read/s    MB_wrtn/s    MB_dscd/s    MB_read    MB_wrtn    MB_dscd
nvme2n1           0.00         0.00         0.00         0.00          0          0          0


Device             tps    MB_read/s    MB_wrtn/s    MB_dscd/s    MB_read    MB_wrtn    MB_dscd
nvme2n1           0.00         0.00         0.00         0.00          0          0          0


Device             tps    MB_read/s    MB_wrtn/s    MB_dscd/s    MB_read    MB_wrtn    MB_dscd
nvme2n1           0.00         0.00         0.00         0.00          0          0          0


Device             tps    MB_read/s    MB_wrtn/s    MB_dscd/s    MB_read    MB_wrtn    MB_dscd
nvme2n1           0.00         0.00         0.00         0.00          0          0          0


Device             tps    MB_read/s    MB_wrtn/s    MB_dscd/s    MB_read    MB_wrtn    MB_dscd
nvme2n1           0.00         0.00         0.00         0.00          0          0          0


