321.55
0.00
0.00
0.00
0.00
0.00
0.00
0.00
2898.72
3644.33
3574.07
4046.00
4703.60
5004.51
2919.75
2955.79
3167.00
5079.72
3961.64
0.00
0.00
0.00
0.00
0.00
0.00
0.00
0.00
0.00
0.00
0.00
0.00
0.00
0.00
0.00
0.00
0.00
0.00
0.00
0.00
0.00
0.00
