321.53
0.00
0.00
0.00
0.00
0.00
0.00
870.98
3751.16
3671.25
3774.83
5149.87
5525.91
3661.78
3478.12
3776.87
6285.59
2008.76
0.00
0.00
0.00
0.00
0.00
0.00
0.00
0.00
0.00
0.00
