321.74
0.00
0.00
0.00
0.00
0.00
0.00
318.62
2006.54
2527.75
2742.00
2417.96
2605.46
2297.24
2588.64
2686.60
2400.85
1376.01
1407.97
1942.14
1244.00
1204.00
1262.00
1321.88
1320.25
5295.96
2989.27
0.00
0.00
0.00
0.00
0.00
0.00
0.00
0.00
0.00
0.00
0.00
0.00
