Linux 5.15.0-97-generic (inspur-NF5280M6) 	2024年03月05日 	_x86_64_	(128 CPU)

Device             tps    MB_read/s    MB_wrtn/s    MB_dscd/s    MB_read    MB_wrtn    MB_dscd
nvme2n1       97328.89       321.74       513.76         1.11  110354570  176218802     381554


Device             tps    MB_read/s    MB_wrtn/s    MB_dscd/s    MB_read    MB_wrtn    MB_dscd
nvme2n1           0.00         0.00         0.00         0.00          0          0          0


Device             tps    MB_read/s    MB_wrtn/s    MB_dscd/s    MB_read    MB_wrtn    MB_dscd
nvme2n1           0.00         0.00         0.00         0.00          0          0          0


Device             tps    MB_read/s    MB_wrtn/s    MB_dscd/s    MB_read    MB_wrtn    MB_dscd
nvme2n1           0.00         0.00         0.00         0.00          0          0          0


Device             tps    MB_read/s    MB_wrtn/s    MB_dscd/s    MB_read    MB_wrtn    MB_dscd
nvme2n1           0.00         0.00         0.00         0.00          0          0          0


Device             tps    MB_read/s    MB_wrtn/s    MB_dscd/s    MB_read    MB_wrtn    MB_dscd
nvme2n1           0.00         0.00         0.00         0.00          0          0          0


Device             tps    MB_read/s    MB_wrtn/s    MB_dscd/s    MB_read    MB_wrtn    MB_dscd
nvme2n1           0.00         0.00         0.00         0.00          0          0          0


Device             tps    MB_read/s    MB_wrtn/s    MB_dscd/s    MB_read    MB_wrtn    MB_dscd
nvme2n1       38145.00       318.62         0.00         0.00        318          0          0


Device             tps    MB_read/s    MB_wrtn/s    MB_dscd/s    MB_read    MB_wrtn    MB_dscd
nvme2n1       202710.00      2006.54         0.00         0.00       2006          0          0


Device             tps    MB_read/s    MB_wrtn/s    MB_dscd/s    MB_read    MB_wrtn    MB_dscd
nvme2n1       232432.00      2527.75         0.00         0.00       2527          0          0


Device             tps    MB_read/s    MB_wrtn/s    MB_dscd/s    MB_read    MB_wrtn    MB_dscd
nvme2n1       245848.00      2742.00         0.00         0.00       2742          0          0


Device             tps    MB_read/s    MB_wrtn/s    MB_dscd/s    MB_read    MB_wrtn    MB_dscd
nvme2n1       90285.00      2417.96         0.00         0.00       2417          0          0


Device             tps    MB_read/s    MB_wrtn/s    MB_dscd/s    MB_read    MB_wrtn    MB_dscd
nvme2n1       90078.00      2605.46         0.00         0.00       2605          0          0


Device             tps    MB_read/s    MB_wrtn/s    MB_dscd/s    MB_read    MB_wrtn    MB_dscd
nvme2n1       38929.00      2297.24         0.00         0.00       2297          0          0


Device             tps    MB_read/s    MB_wrtn/s    MB_dscd/s    MB_read    MB_wrtn    MB_dscd
nvme2n1       37689.00      2588.64         0.00         0.00       2588          0          0


Device             tps    MB_read/s    MB_wrtn/s    MB_dscd/s    MB_read    MB_wrtn    MB_dscd
nvme2n1       36777.00      2686.60         0.00         0.00       2686          0          0


Device             tps    MB_read/s    MB_wrtn/s    MB_dscd/s    MB_read    MB_wrtn    MB_dscd
nvme2n1       31865.00      2400.85         0.00         0.00       2400          0          0


Device             tps    MB_read/s    MB_wrtn/s    MB_dscd/s    MB_read    MB_wrtn    MB_dscd
nvme2n1       20964.00      1376.01         0.00         0.00       1376          0          0


Device             tps    MB_read/s    MB_wrtn/s    MB_dscd/s    MB_read    MB_wrtn    MB_dscd
nvme2n1       57350.00      1407.97         0.00         0.00       1407          0          0


Device             tps    MB_read/s    MB_wrtn/s    MB_dscd/s    MB_read    MB_wrtn    MB_dscd
nvme2n1       105307.00      1942.14         0.00         0.00       1942          0          0


Device             tps    MB_read/s    MB_wrtn/s    MB_dscd/s    MB_read    MB_wrtn    MB_dscd
nvme2n1        9952.00      1244.00         0.00         0.00       1244          0          0


Device             tps    MB_read/s    MB_wrtn/s    MB_dscd/s    MB_read    MB_wrtn    MB_dscd
nvme2n1        9632.00      1204.00         0.00         0.00       1204          0          0


Device             tps    MB_read/s    MB_wrtn/s    MB_dscd/s    MB_read    MB_wrtn    MB_dscd
nvme2n1       10096.00      1262.00         0.00         0.00       1262          0          0


Device             tps    MB_read/s    MB_wrtn/s    MB_dscd/s    MB_read    MB_wrtn    MB_dscd
nvme2n1       10575.00      1321.88         0.00         0.00       1321          0          0


Device             tps    MB_read/s    MB_wrtn/s    MB_dscd/s    MB_read    MB_wrtn    MB_dscd
nvme2n1       10561.00      1320.25         0.00         0.00       1320          0          0


Device             tps    MB_read/s    MB_wrtn/s    MB_dscd/s    MB_read    MB_wrtn    MB_dscd
nvme2n1       51111.00      5295.96         0.00         0.00       5295          0          0


Device             tps    MB_read/s    MB_wrtn/s    MB_dscd/s    MB_read    MB_wrtn    MB_dscd
nvme2n1       29295.00      2989.27         0.00         0.00       2989          0          0


Device             tps    MB_read/s    MB_wrtn/s    MB_dscd/s    MB_read    MB_wrtn    MB_dscd
nvme2n1           0.00         0.00         0.00         0.00          0          0          0


Device             tps    MB_read/s    MB_wrtn/s    MB_dscd/s    MB_read    MB_wrtn    MB_dscd
nvme2n1           0.00         0.00         0.00         0.00          0          0          0


Device             tps    MB_read/s    MB_wrtn/s    MB_dscd/s    MB_read    MB_wrtn    MB_dscd
nvme2n1           0.00         0.00         0.00         0.00          0          0          0


Device             tps    MB_read/s    MB_wrtn/s    MB_dscd/s    MB_read    MB_wrtn    MB_dscd
nvme2n1           0.00         0.00         0.00         0.00          0          0          0


Device             tps    MB_read/s    MB_wrtn/s    MB_dscd/s    MB_read    MB_wrtn    MB_dscd
nvme2n1           0.00         0.00         0.00         0.00          0          0          0


Device             tps    MB_read/s    MB_wrtn/s    MB_dscd/s    MB_read    MB_wrtn    MB_dscd
nvme2n1           0.00         0.00         0.00         0.00          0          0          0


Device             tps    MB_read/s    MB_wrtn/s    MB_dscd/s    MB_read    MB_wrtn    MB_dscd
nvme2n1           0.00         0.00         0.00         0.00          0          0          0


Device             tps    MB_read/s    MB_wrtn/s    MB_dscd/s    MB_read    MB_wrtn    MB_dscd
nvme2n1           0.00         0.00         0.00         0.00          0          0          0


Device             tps    MB_read/s    MB_wrtn/s    MB_dscd/s    MB_read    MB_wrtn    MB_dscd
nvme2n1           0.00         0.00         0.00         0.00          0          0          0


Device             tps    MB_read/s    MB_wrtn/s    MB_dscd/s    MB_read    MB_wrtn    MB_dscd
nvme2n1           0.00         0.00         0.00         0.00          0          0          0


Device             tps    MB_read/s    MB_wrtn/s    MB_dscd/s    MB_read    MB_wrtn    MB_dscd
nvme2n1           0.00         0.00         0.00         0.00          0          0          0


Device             tps    MB_read/s    MB_wrtn/s    MB_dscd/s    MB_read    MB_wrtn    MB_dscd
nvme2n1           0.00         0.00         0.00         0.00          0          0          0


