43.78
0.00
0.00
0.00
2782.25
4246.72
4449.62
1710.42
0.00
576.01
0.00
1870.98
2851.14
6767.46
3013.19
3049.62
3050.38
6640.82
1522.54
0.00
0.00
508.44
4832.02
4498.97
3349.58
0.00
0.00
0.00
1035.55
2844.78
5462.06
4238.38
3012.00
3187.25
5111.09
