320.71
0.00
0.00
0.00
2307.86
4085.26
4214.45
2581.46
0.00
0.00
0.00
0.00
0.00
0.00
0.00
