320.78
0.00
0.00
0.00
0.00
0.00
0.00
439.20
3023.57
4110.51
4189.85
3193.72
3469.53
3300.77
2631.12
2019.77
0.00
0.00
0.00
0.00
0.00
0.00
0.00