Linux 5.15.0-97-generic (inspur-NF5280M6) 	2024年03月05日 	_x86_64_	(128 CPU)

Device             tps    MB_read/s    MB_wrtn/s    MB_dscd/s    MB_read    MB_wrtn    MB_dscd
nvme2n1       96833.38       320.71       511.03         1.11  110590723  176218802     381554


Device             tps    MB_read/s    MB_wrtn/s    MB_dscd/s    MB_read    MB_wrtn    MB_dscd
nvme2n1           0.00         0.00         0.00         0.00          0          0          0


Device             tps    MB_read/s    MB_wrtn/s    MB_dscd/s    MB_read    MB_wrtn    MB_dscd
nvme2n1           0.00         0.00         0.00         0.00          0          0          0


Device             tps    MB_read/s    MB_wrtn/s    MB_dscd/s    MB_read    MB_wrtn    MB_dscd
nvme2n1           0.00         0.00         0.00         0.00          0          0          0


Device             tps    MB_read/s    MB_wrtn/s    MB_dscd/s    MB_read    MB_wrtn    MB_dscd
nvme2n1       70633.00      2307.86         0.00         0.00       2307          0          0


Device             tps    MB_read/s    MB_wrtn/s    MB_dscd/s    MB_read    MB_wrtn    MB_dscd
nvme2n1       217263.00      4085.26         0.00         0.00       4085          0          0


Device             tps    MB_read/s    MB_wrtn/s    MB_dscd/s    MB_read    MB_wrtn    MB_dscd
nvme2n1       98337.00      4214.45         0.00         0.00       4214          0          0


Device             tps    MB_read/s    MB_wrtn/s    MB_dscd/s    MB_read    MB_wrtn    MB_dscd
nvme2n1       161464.00      2581.46         0.00         0.00       2581          0          0


Device             tps    MB_read/s    MB_wrtn/s    MB_dscd/s    MB_read    MB_wrtn    MB_dscd
nvme2n1           0.00         0.00         0.00         0.00          0          0          0


Device             tps    MB_read/s    MB_wrtn/s    MB_dscd/s    MB_read    MB_wrtn    MB_dscd
nvme2n1           0.00         0.00         0.00         0.00          0          0          0


Device             tps    MB_read/s    MB_wrtn/s    MB_dscd/s    MB_read    MB_wrtn    MB_dscd
nvme2n1           0.00         0.00         0.00         0.00          0          0          0


Device             tps    MB_read/s    MB_wrtn/s    MB_dscd/s    MB_read    MB_wrtn    MB_dscd
nvme2n1           0.00         0.00         0.00         0.00          0          0          0


Device             tps    MB_read/s    MB_wrtn/s    MB_dscd/s    MB_read    MB_wrtn    MB_dscd
nvme2n1           0.00         0.00         0.00         0.00          0          0          0


Device             tps    MB_read/s    MB_wrtn/s    MB_dscd/s    MB_read    MB_wrtn    MB_dscd
nvme2n1           0.00         0.00         0.00         0.00          0          0          0


Device             tps    MB_read/s    MB_wrtn/s    MB_dscd/s    MB_read    MB_wrtn    MB_dscd
nvme2n1           0.00         0.00         0.00         0.00          0          0          0


