Linux 5.15.0-97-generic (inspur-NF5280M6) 	2024年03月05日 	_x86_64_	(128 CPU)

Device             tps    MB_read/s    MB_wrtn/s    MB_dscd/s    MB_read    MB_wrtn    MB_dscd
nvme2n1       96394.24       319.71       508.60         1.10  110770452  176218802     381554


Device             tps    MB_read/s    MB_wrtn/s    MB_dscd/s    MB_read    MB_wrtn    MB_dscd
nvme2n1           0.00         0.00         0.00         0.00          0          0          0


Device             tps    MB_read/s    MB_wrtn/s    MB_dscd/s    MB_read    MB_wrtn    MB_dscd
nvme2n1           0.00         0.00         0.00         0.00          0          0          0


Device             tps    MB_read/s    MB_wrtn/s    MB_dscd/s    MB_read    MB_wrtn    MB_dscd
nvme2n1           0.00         0.00         0.00         0.00          0          0          0


Device             tps    MB_read/s    MB_wrtn/s    MB_dscd/s    MB_read    MB_wrtn    MB_dscd
nvme2n1           0.00         0.00         0.00         0.00          0          0          0


Device             tps    MB_read/s    MB_wrtn/s    MB_dscd/s    MB_read    MB_wrtn    MB_dscd
nvme2n1           0.00         0.00         0.00         0.00          0          0          0


Device             tps    MB_read/s    MB_wrtn/s    MB_dscd/s    MB_read    MB_wrtn    MB_dscd
nvme2n1           0.00         0.00         0.00         0.00          0          0          0


Device             tps    MB_read/s    MB_wrtn/s    MB_dscd/s    MB_read    MB_wrtn    MB_dscd
nvme2n1         749.00        88.44         0.00         0.00         88          0          0


Device             tps    MB_read/s    MB_wrtn/s    MB_dscd/s    MB_read    MB_wrtn    MB_dscd
nvme2n1        1400.00       122.41         0.00         0.00        122          0          0


Device             tps    MB_read/s    MB_wrtn/s    MB_dscd/s    MB_read    MB_wrtn    MB_dscd
nvme2n1        3519.00       262.86         0.00         0.00        262          0          0


Device             tps    MB_read/s    MB_wrtn/s    MB_dscd/s    MB_read    MB_wrtn    MB_dscd
nvme2n1        4733.00       323.98         0.00         0.00        323          0          0


Device             tps    MB_read/s    MB_wrtn/s    MB_dscd/s    MB_read    MB_wrtn    MB_dscd
nvme2n1        6429.00       333.48         0.00         0.00        333          0          0


Device             tps    MB_read/s    MB_wrtn/s    MB_dscd/s    MB_read    MB_wrtn    MB_dscd
nvme2n1        5948.00       324.95         0.00         0.00        324          0          0


Device             tps    MB_read/s    MB_wrtn/s    MB_dscd/s    MB_read    MB_wrtn    MB_dscd
nvme2n1        8193.00       361.48         0.00         0.00        361          0          0


Device             tps    MB_read/s    MB_wrtn/s    MB_dscd/s    MB_read    MB_wrtn    MB_dscd
nvme2n1       10306.00       399.14         0.00         0.00        399          0          0


